2026-06-11 07:53:51 | INFO    | cli.run_inference | Chargement : data/processed/OM_clean.parquet
2026-06-11 07:53:53 | INFO    | pipeline | ═══ RUN 20260611_075353 ═══ 25,456,467 transactions
2026-06-11 07:54:00 | INFO    | validation | ✓ Colonnes requises présentes (7)
2026-06-11 07:54:00 | INFO    | validation | ✓ Volume : 25,456,467 transactions
2026-06-11 07:54:00 | INFO    | validation | ✓ Montants numériques OK
2026-06-11 07:54:00 | INFO    | validation | ✓ Dates parsables OK
2026-06-11 07:54:00 | WARNING | validation | ⚠ 10,161 TRANSFER_ID dupliqués (dédoublonnage appliqué en aval)
2026-06-11 07:54:00 | WARNING | pipeline | Pas de références de drift (models/drift_references.json). Générer via scripts/construire_references_drift.py
2026-06-11 07:54:00 | INFO    | pipeline | Modèles à exécuter : ['m1_fraude', 'm2_mules', 'm4_commissions', 'm5_echec', 'm6_reconciliation']
2026-06-11 07:54:00 | INFO    | pipeline | Feature engineering (blocs A-D)...
2026-06-11 08:09:47 | INFO    | pipeline | Features OK : 49 colonnes f_*
2026-06-11 08:09:47 | ERROR   | pipeline | ❌ m1_fraude : Aucune version publiée pour M1_fraude. Lancer l'entraînement puis registry.publier().
2026-06-11 08:09:47 | ERROR   | pipeline | ❌ m2_mules : Aucune version publiée pour M2_mules. Lancer l'entraînement puis registry.publier().
2026-06-11 08:09:47 | ERROR   | pipeline | ❌ m4_commissions : Aucune version publiée pour M4_commissions. Lancer l'entraînement puis registry.publier().
2026-06-11 08:09:47 | ERROR   | pipeline | ❌ m5_echec : Aucune version publiée pour M5_echec. Lancer l'entraînement puis registry.publier().
2026-06-11 08:09:47 | ERROR   | pipeline | ❌ m6_reconciliation : Aucune version publiée pour M6_reconciliation. Lancer l'entraînement puis registry.publier().
2026-06-11 08:09:47 | INFO    | monitoring.metrics | Run 20260611_075353 finalisé (953.9s)
2026-06-11 08:09:47 | INFO    | pipeline | ═══ RUN 20260611_075353 ⚠️ PARTIEL (5 échec(s)) → /home/koceila_salem_orange_com/ML/outputs/runs/20260611_075353 ═══
2026-06-11 08:34:06 | WARNING | cli.publier | M1_fraude : pas d'artefacts -> ignoré
2026-06-11 08:34:06 | WARNING | cli.publier | M2_mules : pas d'artefacts -> ignoré
2026-06-11 08:34:06 | WARNING | cli.publier | M4_commissions : pas d'artefacts -> ignoré
2026-06-11 08:34:06 | WARNING | cli.publier | M5_echec : pas d'artefacts -> ignoré
2026-06-11 08:34:06 | WARNING | cli.publier | M6_reconciliation : pas d'artefacts -> ignoré
2026-06-11 08:48:39 | INFO    | cli.run_inference | Chargement : data/processed/OM_clean.parquet
2026-06-11 08:48:41 | INFO    | pipeline | ═══ RUN 20260611_084841 ═══ 25,456,467 transactions
2026-06-11 08:48:47 | INFO    | validation | ✓ Colonnes requises présentes (7)
2026-06-11 08:48:47 | INFO    | validation | ✓ Volume : 25,456,467 transactions
2026-06-11 08:48:47 | INFO    | validation | ✓ Montants numériques OK
2026-06-11 08:48:47 | INFO    | validation | ✓ Dates parsables OK
2026-06-11 08:48:47 | WARNING | validation | ⚠ 10,161 TRANSFER_ID dupliqués (dédoublonnage appliqué en aval)
2026-06-11 08:48:47 | WARNING | pipeline | Pas de références de drift (models/drift_references.json). Générer via scripts/construire_references_drift.py
2026-06-11 08:48:47 | INFO    | pipeline | Modèles à exécuter : ['m1_fraude', 'm2_mules', 'm4_commissions', 'm5_echec', 'm6_reconciliation']
2026-06-11 08:48:47 | INFO    | pipeline | Feature engineering (blocs A-D)...
2026-06-11 09:06:24 | INFO    | pipeline | Features OK : 49 colonnes f_*
2026-06-11 09:06:24 | WARNING | inference.M1_fraude | Pas de version publiée au registre pour M1_fraude -> fallback sur le dossier plat /home/koceila_salem_orange_com/ML/models/M1_fraude. Conseil : publier via scripts/publier_modeles.py
2026-06-11 09:06:24 | WARNING | inference.M1_fraude | Segment faible : artefacts absents (ignoré)
2026-06-11 09:06:24 | WARNING | inference.M1_fraude | Segment moyen : artefacts absents (ignoré)
2026-06-11 09:06:24 | WARNING | inference.M1_fraude | Segment eleve : artefacts absents (ignoré)
2026-06-11 09:06:24 | WARNING | inference.M1_fraude | Segment technique : artefacts absents (ignoré)
2026-06-11 09:06:24 | ERROR   | pipeline | ❌ m1_fraude : [M1_fraude] RuntimeError: Aucun modèle de segment chargé pour M1.
2026-06-11 09:06:24 | WARNING | inference.M2_mules | Pas de version publiée au registre pour M2_mules -> fallback sur le dossier plat /home/koceila_salem_orange_com/ML/models/M2_mules. Conseil : publier via scripts/publier_modeles.py
2026-06-11 09:06:24 | INFO    | inference.M2_mules | M2 chargé : scaler + params
2026-06-11 09:07:24 | INFO    | inference.M2_mules | Scoring terminé : 500 alertes en 60.0s
2026-06-11 09:07:25 | INFO    | inference.M2_mules | Exports : ['M2_mules_alertes.csv', 'M2_mules_scores.parquet', 'M2_mules_stats.json']
2026-06-11 09:07:25 | INFO    | monitoring.metrics | [m2_mules] n_alertes=500 | n_transit=968026 | n_clusters=22 | n_aretes=6750838 | duree_s=60.0 | n_entree=25456467
2026-06-11 09:07:25 | WARNING | inference.M4_commissions | Pas de version publiée au registre pour M4_commissions -> fallback sur le dossier plat /home/koceila_salem_orange_com/ML/models/M4_commissions. Conseil : publier via scripts/publier_modeles.py
2026-06-11 09:07:25 | ERROR   | pipeline | ❌ m4_commissions : [M4_commissions] RuntimeError: stats_par_service introuvable. Générer la référence via scripts/construire_reference_m4.py puis republier M4.
2026-06-11 09:07:25 | ERROR   | pipeline | ❌ m5_echec : Aucune version publiée pour M5_echec. Lancer l'entraînement puis registry.publier().
2026-06-11 09:07:25 | WARNING | inference.M6_reconciliation | Pas de version publiée au registre pour M6_reconciliation -> fallback sur le dossier plat /home/koceila_salem_orange_com/ML/models/M6_reconciliation. Conseil : publier via scripts/publier_modeles.py
2026-06-11 09:07:25 | INFO    | inference.M6_reconciliation | M6 chargé : préfixes complémentaires {'TC': 'CO', 'XX': 'RC'}
2026-06-11 09:08:53 | INFO    | inference.M6_reconciliation | Scoring terminé : 536 alertes en 87.9s
2026-06-11 09:08:53 | INFO    | inference.M6_reconciliation | Exports : ['M6_reconciliation_alertes.csv', 'M6_reconciliation_scores.parquet', 'M6_reconciliation_stats.json']
2026-06-11 09:08:53 | INFO    | monitoring.metrics | [m6_reconciliation] n_alertes=536 | n_a_reconcilier=102426 | n_auto_fiable=100156 | n_suggestion=1961 | n_manuel=309 | taux_auto_pct=97.8 | gain_heures=5008.0 | duree_s=87.9 | n_entree=25456467
2026-06-11 09:08:53 | INFO    | monitoring.metrics | Run 20260611_084841 finalisé (1212.3s)
2026-06-11 09:08:53 | INFO    | pipeline | ═══ RUN 20260611_084841 ⚠️ PARTIEL (3 échec(s)) → /home/koceila_salem_orange_com/ML/outputs/runs/20260611_084841 ═══
2026-06-11 09:27:49 | INFO    | registry | Modèle M1_fraude publié : version 2026-06-11_v1
2026-06-11 09:27:49 | INFO    | cli.publier | M1_fraude publié -> 2026-06-11_v1
2026-06-11 09:27:49 | INFO    | registry | Modèle M2_mules publié : version 2026-06-11_v1
2026-06-11 09:27:49 | INFO    | cli.publier | M2_mules publié -> 2026-06-11_v1
2026-06-11 09:27:49 | INFO    | registry | Modèle M4_commissions publié : version 2026-06-11_v1
2026-06-11 09:27:49 | INFO    | cli.publier | M4_commissions publié -> 2026-06-11_v1
2026-06-11 09:27:49 | INFO    | registry | Modèle M5_echec publié : version 2026-06-11_v1
2026-06-11 09:27:49 | INFO    | cli.publier | M5_echec publié -> 2026-06-11_v1
2026-06-11 09:27:49 | INFO    | registry | Modèle M6_reconciliation publié : version 2026-06-11_v1
2026-06-11 09:27:49 | INFO    | cli.publier | M6_reconciliation publié -> 2026-06-11_v1
2026-06-11 09:28:16 | INFO    | cli.run_inference | Chargement : data/processed/OM_clean.parquet
2026-06-11 09:28:17 | INFO    | pipeline | ═══ RUN 20260611_092817 ═══ 25,456,467 transactions
2026-06-11 09:28:24 | INFO    | validation | ✓ Colonnes requises présentes (7)
2026-06-11 09:28:24 | INFO    | validation | ✓ Volume : 25,456,467 transactions
2026-06-11 09:28:24 | INFO    | validation | ✓ Montants numériques OK
2026-06-11 09:28:24 | INFO    | validation | ✓ Dates parsables OK
2026-06-11 09:28:24 | WARNING | validation | ⚠ 10,161 TRANSFER_ID dupliqués (dédoublonnage appliqué en aval)
2026-06-11 09:28:24 | WARNING | pipeline | Pas de références de drift (models/drift_references.json). Générer via scripts/construire_references_drift.py
2026-06-11 09:28:24 | INFO    | pipeline | Modèles à exécuter : ['m1_fraude', 'm2_mules', 'm4_commissions', 'm5_echec', 'm6_reconciliation']
2026-06-11 09:28:24 | INFO    | pipeline | Feature engineering (blocs A-D)...
2026-06-11 09:44:21 | INFO    | pipeline | Features OK : 49 colonnes f_*
2026-06-11 09:44:21 | WARNING | inference.M1_fraude | Segment faible : artefacts absents (ignoré)
2026-06-11 09:44:21 | WARNING | inference.M1_fraude | Segment moyen : artefacts absents (ignoré)
2026-06-11 09:44:21 | WARNING | inference.M1_fraude | Segment eleve : artefacts absents (ignoré)
2026-06-11 09:44:21 | WARNING | inference.M1_fraude | Segment technique : artefacts absents (ignoré)
2026-06-11 09:44:21 | ERROR   | pipeline | ❌ m1_fraude : [M1_fraude] RuntimeError: Aucun modèle de segment chargé pour M1.
2026-06-11 09:44:21 | INFO    | inference.M2_mules | M2 chargé : scaler + params
2026-06-11 09:45:10 | INFO    | inference.M2_mules | Scoring terminé : 500 alertes en 48.4s
2026-06-11 09:45:10 | INFO    | inference.M2_mules | Exports : ['M2_mules_alertes.csv', 'M2_mules_scores.parquet', 'M2_mules_stats.json']
2026-06-11 09:45:10 | INFO    | monitoring.metrics | [m2_mules] n_alertes=500 | n_transit=968026 | n_clusters=22 | n_aretes=6750838 | duree_s=48.4 | n_entree=25456467
2026-06-11 09:45:10 | ERROR   | pipeline | ❌ m4_commissions : [M4_commissions] RuntimeError: stats_par_service introuvable. Générer la référence via scripts/construire_reference_m4.py puis republier M4.
2026-06-11 09:45:10 | INFO    | inference.M5_echec | M5 chargé : LightGBM, 36 features (fuite contrôlée)
2026-06-11 09:45:28 | ERROR   | pipeline | ❌ m5_echec : [M5_echec] ValueError: train and valid dataset categorical_feature do not match.
2026-06-11 09:45:28 | INFO    | inference.M6_reconciliation | M6 chargé : préfixes complémentaires {'TC': 'CO', 'XX': 'RC'}
2026-06-11 09:46:42 | INFO    | inference.M6_reconciliation | Scoring terminé : 536 alertes en 74.3s
2026-06-11 09:46:42 | INFO    | inference.M6_reconciliation | Exports : ['M6_reconciliation_alertes.csv', 'M6_reconciliation_scores.parquet', 'M6_reconciliation_stats.json']
2026-06-11 09:46:42 | INFO    | monitoring.metrics | [m6_reconciliation] n_alertes=536 | n_a_reconcilier=102426 | n_auto_fiable=100156 | n_suggestion=1961 | n_manuel=309 | taux_auto_pct=97.8 | gain_heures=5008.0 | duree_s=74.3 | n_entree=25456467
2026-06-11 09:46:42 | INFO    | monitoring.metrics | Run 20260611_092817 finalisé (1104.7s)
2026-06-11 09:46:42 | INFO    | pipeline | ═══ RUN 20260611_092817 ⚠️ PARTIEL (3 échec(s)) → /home/koceila_salem_orange_com/ML/outputs/runs/20260611_092817 ═══
2026-06-11 10:09:14 | INFO    | cli.ref_m4 | Lecture /home/koceila_salem_orange_com/ML/data/processed/OM_clean.parquet
2026-06-11 10:09:24 | INFO    | cli.ref_m4 | ✅ Référence M4 : 13 services -> /home/koceila_salem_orange_com/ML/models/M4_commissions/stats_par_service.json
2026-06-11 10:09:24 | INFO    | cli.ref_m4 | Services : ['B2BCASHOUT', 'CASHIN', 'CASHOUT', 'DELSCR', 'ENT2REG', 'MERCHPAY', 'O2C', 'OPTW', 'P2P', 'RC', 'ROLLBACK', 'STOCK', 'TXNCORRECT']
2026-06-11 10:09:24 | INFO    | cli.ref_m4 | Republier M4 : supprimer models/M4_commissions/registry.json et le dossier de version, puis python scripts/publier_modeles.py
2026-06-11 10:10:51 | INFO    | cli.publier | M1_fraude : déjà publié (latest=2026-06-11_v1) -> ignoré (supprimer registry.json pour republier)
2026-06-11 10:10:51 | INFO    | cli.publier | M2_mules : déjà publié (latest=2026-06-11_v1) -> ignoré (supprimer registry.json pour republier)
2026-06-11 10:10:51 | INFO    | registry | Modèle M4_commissions publié : version 2026-06-11_v2
2026-06-11 10:10:51 | INFO    | cli.publier | M4_commissions publié -> 2026-06-11_v2
2026-06-11 10:10:51 | INFO    | cli.publier | M5_echec : déjà publié (latest=2026-06-11_v1) -> ignoré (supprimer registry.json pour republier)
2026-06-11 10:10:51 | INFO    | cli.publier | M6_reconciliation : déjà publié (latest=2026-06-11_v1) -> ignoré (supprimer registry.json pour republier)
2026-06-11 10:13:47 | INFO    | registry | Modèle M1_fraude publié : version 2026-06-11_v1
2026-06-11 10:13:47 | INFO    | cli.publier | M1_fraude publié -> 2026-06-11_v1
2026-06-11 10:13:47 | INFO    | cli.publier | M2_mules : déjà publié (latest=2026-06-11_v1) -> ignoré (supprimer registry.json pour republier)
2026-06-11 10:13:47 | INFO    | cli.publier | M4_commissions : déjà publié (latest=2026-06-11_v2) -> ignoré (supprimer registry.json pour republier)
2026-06-11 10:13:47 | INFO    | cli.publier | M5_echec : déjà publié (latest=2026-06-11_v1) -> ignoré (supprimer registry.json pour republier)
2026-06-11 10:13:47 | INFO    | cli.publier | M6_reconciliation : déjà publié (latest=2026-06-11_v1) -> ignoré (supprimer registry.json pour republier)
2026-06-11 10:15:04 | INFO    | cli.ref_m4 | Lecture /home/koceila_salem_orange_com/ML/data/processed/OM_clean.parquet
2026-06-11 10:15:15 | INFO    | cli.ref_m4 | ✅ Référence M4 : 13 services -> /home/koceila_salem_orange_com/ML/models/M4_commissions/stats_par_service.json
2026-06-11 10:15:15 | INFO    | cli.ref_m4 | Services : ['B2BCASHOUT', 'CASHIN', 'CASHOUT', 'DELSCR', 'ENT2REG', 'MERCHPAY', 'O2C', 'OPTW', 'P2P', 'RC', 'ROLLBACK', 'STOCK', 'TXNCORRECT']
2026-06-11 10:15:15 | INFO    | cli.ref_m4 | Republier M4 : supprimer models/M4_commissions/registry.json et le dossier de version, puis python scripts/publier_modeles.py
2026-06-11 10:15:15 | INFO    | cli.drift_refs | Lecture /home/koceila_salem_orange_com/ML/data/processed/OM_clean.parquet (colonnes : ['TRANSACTION_AMOUNT'])
2026-06-11 10:15:17 | INFO    | cli.drift_refs | Référence TRANSACTION_AMOUNT : 25,456,467 obs
2026-06-11 10:15:17 | INFO    | cli.drift_refs | ✅ Références écrites : /home/koceila_salem_orange_com/ML/models/drift_references.json
2026-06-11 10:15:17 | INFO    | cli.publier | M1_fraude : déjà publié (latest=2026-06-11_v1) -> ignoré (supprimer registry.json pour republier)
2026-06-11 10:15:17 | INFO    | cli.publier | M2_mules : déjà publié (latest=2026-06-11_v1) -> ignoré (supprimer registry.json pour republier)
2026-06-11 10:15:17 | INFO    | registry | Modèle M4_commissions publié : version 2026-06-11_v1
2026-06-11 10:15:17 | INFO    | cli.publier | M4_commissions publié -> 2026-06-11_v1
2026-06-11 10:15:17 | INFO    | cli.publier | M5_echec : déjà publié (latest=2026-06-11_v1) -> ignoré (supprimer registry.json pour republier)
2026-06-11 10:15:17 | INFO    | cli.publier | M6_reconciliation : déjà publié (latest=2026-06-11_v1) -> ignoré (supprimer registry.json pour republier)
2026-06-11 10:15:56 | INFO    | cli.ref_m4 | Lecture /home/koceila_salem_orange_com/ML/data/processed/OM_clean.parquet
2026-06-11 10:16:06 | INFO    | cli.ref_m4 | ✅ Référence M4 : 13 services -> /home/koceila_salem_orange_com/ML/models/M4_commissions/stats_par_service.json
2026-06-11 10:16:06 | INFO    | cli.ref_m4 | Services : ['B2BCASHOUT', 'CASHIN', 'CASHOUT', 'DELSCR', 'ENT2REG', 'MERCHPAY', 'O2C', 'OPTW', 'P2P', 'RC', 'ROLLBACK', 'STOCK', 'TXNCORRECT']
2026-06-11 10:16:06 | INFO    | cli.ref_m4 | Republier M4 : supprimer models/M4_commissions/registry.json et le dossier de version, puis python scripts/publier_modeles.py
2026-06-11 10:16:07 | INFO    | cli.drift_refs | Lecture /home/koceila_salem_orange_com/ML/data/processed/OM_clean.parquet (colonnes : ['TRANSACTION_AMOUNT'])
2026-06-11 10:16:08 | INFO    | cli.drift_refs | Référence TRANSACTION_AMOUNT : 25,456,467 obs
2026-06-11 10:16:08 | INFO    | cli.drift_refs | ✅ Références écrites : /home/koceila_salem_orange_com/ML/models/drift_references.json
2026-06-11 10:16:10 | INFO    | registry | Modèle M1_fraude publié : version 2026-06-11_v1
2026-06-11 10:16:10 | INFO    | cli.publier | M1_fraude publié -> 2026-06-11_v1
2026-06-11 10:16:10 | INFO    | cli.publier | M2_mules : déjà publié (latest=2026-06-11_v1) -> ignoré (supprimer registry.json pour republier)
2026-06-11 10:16:10 | INFO    | registry | Modèle M4_commissions publié : version 2026-06-11_v1
2026-06-11 10:16:10 | INFO    | cli.publier | M4_commissions publié -> 2026-06-11_v1
2026-06-11 10:16:10 | INFO    | cli.publier | M5_echec : déjà publié (latest=2026-06-11_v1) -> ignoré (supprimer registry.json pour republier)
2026-06-11 10:16:10 | INFO    | cli.publier | M6_reconciliation : déjà publié (latest=2026-06-11_v1) -> ignoré (supprimer registry.json pour republier)
2026-06-11 10:16:11 | INFO    | cli.run_inference | Chargement : data/processed/OM_clean.parquet
2026-06-11 10:16:13 | INFO    | pipeline | ═══ RUN 20260611_101613 ═══ 25,456,467 transactions
2026-06-11 10:16:20 | INFO    | validation | ✓ Colonnes requises présentes (7)
2026-06-11 10:16:20 | INFO    | validation | ✓ Volume : 25,456,467 transactions
2026-06-11 10:16:20 | INFO    | validation | ✓ Montants numériques OK
2026-06-11 10:16:20 | INFO    | validation | ✓ Dates parsables OK
2026-06-11 10:16:20 | WARNING | validation | ⚠ 10,161 TRANSFER_ID dupliqués (dédoublonnage appliqué en aval)
2026-06-11 10:16:20 | INFO    | monitoring.drift | PSI TRANSACTION_AMOUNT = 0.0000 [stable]
2026-06-11 10:16:20 | INFO    | monitoring.drift | Verdict drift global : stable
2026-06-11 10:16:20 | INFO    | pipeline | Modèles à exécuter : ['m1_fraude', 'm2_mules', 'm4_commissions', 'm5_echec', 'm6_reconciliation']
2026-06-11 10:16:20 | INFO    | pipeline | Feature engineering (blocs A-D)...
2026-06-11 11:32:01 | INFO    | cli.ref_m4 | Lecture /home/koceila_salem_orange_com/ML/data/processed/OM_clean.parquet
2026-06-11 11:32:13 | INFO    | cli.ref_m4 | ✅ Référence M4 : 13 services -> /home/koceila_salem_orange_com/ML/models/M4_commissions/stats_par_service.json
2026-06-11 11:32:13 | INFO    | cli.ref_m4 | Services : ['B2BCASHOUT', 'CASHIN', 'CASHOUT', 'DELSCR', 'ENT2REG', 'MERCHPAY', 'O2C', 'OPTW', 'P2P', 'RC', 'ROLLBACK', 'STOCK', 'TXNCORRECT']
2026-06-11 11:32:13 | INFO    | cli.ref_m4 | Republier M4 : supprimer models/M4_commissions/registry.json et le dossier de version, puis python scripts/publier_modeles.py
2026-06-11 11:32:14 | INFO    | cli.drift_refs | Lecture /home/koceila_salem_orange_com/ML/data/processed/OM_clean.parquet (colonnes : ['TRANSACTION_AMOUNT'])
2026-06-11 11:32:15 | INFO    | cli.drift_refs | Référence TRANSACTION_AMOUNT : 25,456,467 obs
2026-06-11 11:32:15 | INFO    | cli.drift_refs | ✅ Références écrites : /home/koceila_salem_orange_com/ML/models/drift_references.json
2026-06-11 11:49:16 | INFO    | registry | Modèle M1_fraude publié : version 2026-06-11_v1
2026-06-11 11:49:16 | INFO    | cli.publier | M1_fraude publié -> 2026-06-11_v1
2026-06-11 11:49:16 | INFO    | cli.publier | M2_mules : déjà publié (latest=2026-06-11_v1) -> ignoré (supprimer registry.json pour republier)
2026-06-11 11:49:16 | INFO    | registry | Modèle M4_commissions publié : version 2026-06-11_v1
2026-06-11 11:49:16 | INFO    | cli.publier | M4_commissions publié -> 2026-06-11_v1
2026-06-11 11:49:16 | INFO    | cli.publier | M5_echec : déjà publié (latest=2026-06-11_v1) -> ignoré (supprimer registry.json pour republier)
2026-06-11 11:49:16 | INFO    | cli.publier | M6_reconciliation : déjà publié (latest=2026-06-11_v1) -> ignoré (supprimer registry.json pour republier)
2026-06-11 11:49:17 | INFO    | cli.run_inference | Chargement : data/processed/OM_clean.parquet
2026-06-11 11:49:19 | INFO    | pipeline | ═══ RUN 20260611_114919 ═══ 25,456,467 transactions
2026-06-11 11:49:25 | INFO    | validation | ✓ Colonnes requises présentes (7)
2026-06-11 11:49:25 | INFO    | validation | ✓ Volume : 25,456,467 transactions
2026-06-11 11:49:25 | INFO    | validation | ✓ Montants numériques OK
2026-06-11 11:49:25 | INFO    | validation | ✓ Dates parsables OK
2026-06-11 11:49:25 | WARNING | validation | ⚠ 10,161 TRANSFER_ID dupliqués (dédoublonnage appliqué en aval)
2026-06-11 11:49:25 | INFO    | monitoring.drift | PSI TRANSACTION_AMOUNT = 0.0000 [stable]
2026-06-11 11:49:25 | INFO    | monitoring.drift | Verdict drift global : stable
2026-06-11 11:49:25 | INFO    | pipeline | Modèles à exécuter : ['m1_fraude', 'm2_mules', 'm4_commissions', 'm5_echec', 'm6_reconciliation']
2026-06-11 11:49:25 | INFO    | pipeline | Feature engineering (blocs A-D)...
2026-06-11 12:05:12 | INFO    | pipeline | Features OK : 49 colonnes f_*
2026-06-11 12:05:12 | WARNING | inference.M1_fraude | Segment faible : artefacts absents (ignoré)
2026-06-11 12:05:12 | WARNING | inference.M1_fraude | Segment moyen : artefacts absents (ignoré)
2026-06-11 12:05:12 | WARNING | inference.M1_fraude | Segment eleve : artefacts absents (ignoré)
2026-06-11 12:05:12 | WARNING | inference.M1_fraude | Segment technique : artefacts absents (ignoré)
2026-06-11 12:05:12 | ERROR   | pipeline | ❌ m1_fraude : [M1_fraude] RuntimeError: Aucun modèle de segment chargé pour M1.
2026-06-11 12:05:12 | INFO    | inference.M2_mules | M2 chargé : scaler + params
2026-06-11 12:05:59 | INFO    | inference.M2_mules | Scoring terminé : 500 alertes en 47.4s
2026-06-11 12:06:00 | INFO    | inference.M2_mules | Exports : ['M2_mules_alertes.csv', 'M2_mules_scores.parquet', 'M2_mules_stats.json']
2026-06-11 12:06:00 | INFO    | monitoring.metrics | [m2_mules] n_alertes=500 | n_transit=968026 | n_clusters=22 | n_aretes=6750838 | duree_s=47.4 | n_entree=25456467
2026-06-11 12:06:00 | INFO    | inference.M4_commissions | M4 chargé : 13 services de référence
2026-06-11 12:06:26 | INFO    | inference.M4_commissions | Scoring terminé : 6 alertes en 26.2s
2026-06-11 12:06:26 | INFO    | inference.M4_commissions | Exports : ['M4_commissions_alertes.csv', 'M4_commissions_scores.parquet', 'M4_commissions_stats.json']
2026-06-11 12:06:26 | INFO    | monitoring.metrics | [m4_commissions] n_alertes=6 | n_jours_services=318 | services_inconnus=[] | duree_s=26.2 | n_entree=25456467
2026-06-11 12:06:26 | INFO    | inference.M5_echec | M5 chargé : LightGBM, 36 features (fuite contrôlée)
2026-06-11 12:06:47 | ERROR   | pipeline | ❌ m5_echec : [M5_echec] ValueError: train and valid dataset categorical_feature do not match.
2026-06-11 12:06:47 | INFO    | inference.M6_reconciliation | M6 chargé : préfixes complémentaires {'TC': 'CO', 'XX': 'RC'}
2026-06-11 12:08:05 | INFO    | inference.M6_reconciliation | Scoring terminé : 536 alertes en 78.4s
2026-06-11 12:08:06 | INFO    | inference.M6_reconciliation | Exports : ['M6_reconciliation_alertes.csv', 'M6_reconciliation_scores.parquet', 'M6_reconciliation_stats.json']
2026-06-11 12:08:06 | INFO    | monitoring.metrics | [m6_reconciliation] n_alertes=536 | n_a_reconcilier=102426 | n_auto_fiable=100156 | n_suggestion=1961 | n_manuel=309 | taux_auto_pct=97.8 | gain_heures=5008.0 | duree_s=78.4 | n_entree=25456467
2026-06-11 12:08:06 | INFO    | monitoring.metrics | Run 20260611_114919 finalisé (1126.8s)
2026-06-11 12:08:06 | INFO    | pipeline | ═══ RUN 20260611_114919 ⚠️ PARTIEL (2 échec(s)) → /home/koceila_salem_orange_com/ML/outputs/runs/20260611_114919 ═══
2026-06-11 12:21:37 | INFO    | cli.publier | M1_fraude : déjà publié (latest=2026-06-11_v1) -> ignoré (supprimer registry.json pour republier)
2026-06-11 12:21:37 | INFO    | cli.publier | M2_mules : déjà publié (latest=2026-06-11_v1) -> ignoré (supprimer registry.json pour republier)
2026-06-11 12:21:37 | INFO    | cli.publier | M4_commissions : déjà publié (latest=2026-06-11_v1) -> ignoré (supprimer registry.json pour republier)
2026-06-11 12:21:37 | INFO    | registry | Modèle M5_echec publié : version 2026-06-11_v1
2026-06-11 12:21:37 | INFO    | cli.publier | M5_echec publié -> 2026-06-11_v1
2026-06-11 12:21:37 | INFO    | cli.publier | M6_reconciliation : déjà publié (latest=2026-06-11_v1) -> ignoré (supprimer registry.json pour republier)
2026-06-11 12:23:19 | INFO    | cli.run_inference | Chargement : data/processed/OM_clean.parquet
2026-06-11 12:23:21 | INFO    | pipeline | ═══ RUN 20260611_122321 ═══ 25,456,467 transactions
2026-06-11 12:23:27 | INFO    | validation | ✓ Colonnes requises présentes (7)
2026-06-11 12:23:27 | INFO    | validation | ✓ Volume : 25,456,467 transactions
2026-06-11 12:23:27 | INFO    | validation | ✓ Montants numériques OK
2026-06-11 12:23:27 | INFO    | validation | ✓ Dates parsables OK
2026-06-11 12:23:27 | WARNING | validation | ⚠ 10,161 TRANSFER_ID dupliqués (dédoublonnage appliqué en aval)
2026-06-11 12:23:27 | INFO    | monitoring.drift | PSI TRANSACTION_AMOUNT = 0.0000 [stable]
2026-06-11 12:23:27 | INFO    | monitoring.drift | Verdict drift global : stable
2026-06-11 12:23:27 | INFO    | pipeline | Modèles à exécuter : ['m5_echec']
2026-06-11 12:23:27 | INFO    | pipeline | Feature engineering (blocs A-D)...
2026-06-11 12:39:24 | INFO    | pipeline | Features OK : 49 colonnes f_*
2026-06-11 12:39:24 | INFO    | inference.M5_echec | M5 chargé : LightGBM, 36 features (fuite contrôlée)
2026-06-11 12:40:04 | INFO    | inference.M5_echec | Scoring terminé : 1257029 alertes en 40.8s
2026-06-11 12:40:20 | INFO    | inference.M5_echec | Exports : ['M5_echec_alertes.csv', 'M5_echec_scores.parquet', 'M5_echec_stats.json']
2026-06-11 12:40:20 | INFO    | monitoring.metrics | [m5_echec] n_alertes=1257029 | pct_alertes=4.938 | proba_moyenne=0.1813 | seuil=0.8 | duree_s=40.8 | n_entree=25456467
2026-06-11 12:40:20 | INFO    | monitoring.metrics | Run 20260611_122321 finalisé (1018.8s)
2026-06-11 12:40:20 | INFO    | pipeline | ═══ RUN 20260611_122321 ✅ COMPLET → /home/koceila_salem_orange_com/ML/outputs/runs/20260611_122321 ═══
2026-06-11 12:45:11 | INFO    | cli.run_inference | Chargement : data/processed/OM_clean.parquet
2026-06-11 12:45:13 | INFO    | pipeline | ═══ RUN 20260611_124513 ═══ 25,456,467 transactions
2026-06-11 12:45:20 | INFO    | validation | ✓ Colonnes requises présentes (7)
2026-06-11 12:45:20 | INFO    | validation | ✓ Volume : 25,456,467 transactions
2026-06-11 12:45:20 | INFO    | validation | ✓ Montants numériques OK
2026-06-11 12:45:20 | INFO    | validation | ✓ Dates parsables OK
2026-06-11 12:45:20 | WARNING | validation | ⚠ 10,161 TRANSFER_ID dupliqués (dédoublonnage appliqué en aval)
2026-06-11 12:45:20 | INFO    | monitoring.drift | PSI TRANSACTION_AMOUNT = 0.0000 [stable]
2026-06-11 12:45:20 | INFO    | monitoring.drift | Verdict drift global : stable
2026-06-11 12:45:20 | INFO    | pipeline | Modèles à exécuter : ['m1_fraude', 'm2_mules', 'm4_commissions', 'm5_echec', 'm6_reconciliation']
2026-06-11 12:45:20 | INFO    | pipeline | Feature engineering (blocs A-D)...
2026-06-11 13:01:02 | INFO    | pipeline | Features OK : 49 colonnes f_*
2026-06-11 13:01:02 | WARNING | inference.M1_fraude | Segment faible : artefacts absents (ignoré)
2026-06-11 13:01:02 | WARNING | inference.M1_fraude | Segment moyen : artefacts absents (ignoré)
2026-06-11 13:01:02 | WARNING | inference.M1_fraude | Segment eleve : artefacts absents (ignoré)
2026-06-11 13:01:02 | WARNING | inference.M1_fraude | Segment technique : artefacts absents (ignoré)
2026-06-11 13:01:02 | ERROR   | pipeline | ❌ m1_fraude : [M1_fraude] RuntimeError: Aucun modèle de segment chargé pour M1.
2026-06-11 13:01:02 | INFO    | inference.M2_mules | M2 chargé : scaler + params
2026-06-11 13:01:45 | INFO    | inference.M2_mules | Scoring terminé : 500 alertes en 43.5s
2026-06-11 13:01:46 | INFO    | inference.M2_mules | Exports : ['M2_mules_alertes.csv', 'M2_mules_scores.parquet', 'M2_mules_stats.json']
2026-06-11 13:01:46 | INFO    | monitoring.metrics | [m2_mules] n_alertes=500 | n_transit=968026 | n_clusters=22 | n_aretes=6750838 | duree_s=43.5 | n_entree=25456467
2026-06-11 13:01:46 | INFO    | inference.M4_commissions | M4 chargé : 13 services de référence
2026-06-11 13:02:12 | INFO    | inference.M4_commissions | Scoring terminé : 6 alertes en 26.2s
2026-06-11 13:02:12 | INFO    | inference.M4_commissions | Exports : ['M4_commissions_alertes.csv', 'M4_commissions_scores.parquet', 'M4_commissions_stats.json']
2026-06-11 13:02:12 | INFO    | monitoring.metrics | [m4_commissions] n_alertes=6 | n_jours_services=318 | services_inconnus=[] | duree_s=26.2 | n_entree=25456467
2026-06-11 13:02:12 | INFO    | inference.M5_echec | M5 chargé : LightGBM, 36 features (fuite contrôlée)
2026-06-11 13:02:55 | INFO    | inference.M5_echec | Scoring terminé : 1257029 alertes en 42.7s
2026-06-11 13:03:10 | INFO    | inference.M5_echec | Exports : ['M5_echec_alertes.csv', 'M5_echec_scores.parquet', 'M5_echec_stats.json']
2026-06-11 13:03:10 | INFO    | monitoring.metrics | [m5_echec] n_alertes=1257029 | pct_alertes=4.938 | proba_moyenne=0.1813 | seuil=0.8 | duree_s=42.7 | n_entree=25456467
2026-06-11 13:03:10 | INFO    | inference.M6_reconciliation | M6 chargé : préfixes complémentaires {'TC': 'CO', 'XX': 'RC'}
2026-06-11 13:04:30 | INFO    | inference.M6_reconciliation | Scoring terminé : 536 alertes en 79.8s
2026-06-11 13:04:30 | INFO    | inference.M6_reconciliation | Exports : ['M6_reconciliation_alertes.csv', 'M6_reconciliation_scores.parquet', 'M6_reconciliation_stats.json']
2026-06-11 13:04:30 | INFO    | monitoring.metrics | [m6_reconciliation] n_alertes=536 | n_a_reconcilier=102426 | n_auto_fiable=100156 | n_suggestion=1961 | n_manuel=309 | taux_auto_pct=97.8 | gain_heures=5008.0 | duree_s=79.8 | n_entree=25456467
2026-06-11 13:04:30 | INFO    | monitoring.metrics | Run 20260611_124513 finalisé (1157.1s)
2026-06-11 13:04:30 | INFO    | pipeline | ═══ RUN 20260611_124513 ⚠️ PARTIEL (1 échec(s)) → /home/koceila_salem_orange_com/ML/outputs/runs/20260611_124513 ═══
2026-06-11 14:21:36 | INFO    | registry | Modèle M1_fraude publié : version 2026-06-11_v1
2026-06-11 14:21:36 | INFO    | cli.publier | M1_fraude publié -> 2026-06-11_v1
2026-06-11 14:21:36 | INFO    | cli.publier | M2_mules : déjà publié (latest=2026-06-11_v1) -> ignoré (supprimer registry.json pour republier)
2026-06-11 14:21:36 | INFO    | cli.publier | M4_commissions : déjà publié (latest=2026-06-11_v1) -> ignoré (supprimer registry.json pour republier)
2026-06-11 14:21:36 | INFO    | cli.publier | M5_echec : déjà publié (latest=2026-06-11_v1) -> ignoré (supprimer registry.json pour republier)
2026-06-11 14:21:36 | INFO    | cli.publier | M6_reconciliation : déjà publié (latest=2026-06-11_v1) -> ignoré (supprimer registry.json pour republier)
2026-06-11 14:21:38 | INFO    | cli.run_inference | Chargement : data/processed/OM_clean.parquet
2026-06-11 14:22:02 | INFO    | registry | Modèle M1_fraude publié : version 2026-06-11_v1
2026-06-11 14:22:02 | INFO    | cli.publier | M1_fraude publié -> 2026-06-11_v1
2026-06-11 14:22:02 | INFO    | cli.publier | M2_mules : déjà publié (latest=2026-06-11_v1) -> ignoré (supprimer registry.json pour republier)
2026-06-11 14:22:02 | INFO    | cli.publier | M4_commissions : déjà publié (latest=2026-06-11_v1) -> ignoré (supprimer registry.json pour republier)
2026-06-11 14:22:02 | INFO    | cli.publier | M5_echec : déjà publié (latest=2026-06-11_v1) -> ignoré (supprimer registry.json pour republier)
2026-06-11 14:22:02 | INFO    | cli.publier | M6_reconciliation : déjà publié (latest=2026-06-11_v1) -> ignoré (supprimer registry.json pour republier)
2026-06-11 14:58:53 | INFO    | registry | Modèle M1_fraude publié : version 2026-06-11_v1
2026-06-11 14:58:53 | INFO    | cli.publier | M1_fraude publié -> 2026-06-11_v1
2026-06-11 14:58:53 | INFO    | cli.publier | M2_mules : déjà publié (latest=2026-06-11_v1) -> ignoré (supprimer registry.json pour republier)
2026-06-11 14:58:53 | INFO    | cli.publier | M4_commissions : déjà publié (latest=2026-06-11_v1) -> ignoré (supprimer registry.json pour republier)
2026-06-11 14:58:53 | INFO    | cli.publier | M5_echec : déjà publié (latest=2026-06-11_v1) -> ignoré (supprimer registry.json pour republier)
2026-06-11 14:58:53 | INFO    | cli.publier | M6_reconciliation : déjà publié (latest=2026-06-11_v1) -> ignoré (supprimer registry.json pour republier)
2026-06-11 14:58:54 | INFO    | cli.run_inference | Chargement : data/processed/OM_clean.parquet
2026-06-11 14:58:56 | INFO    | pipeline | ═══ RUN 20260611_145856 ═══ 25,456,467 transactions
2026-06-11 14:59:03 | INFO    | validation | ✓ Colonnes requises présentes (7)
2026-06-11 14:59:03 | INFO    | validation | ✓ Volume : 25,456,467 transactions
2026-06-11 14:59:03 | INFO    | validation | ✓ Montants numériques OK
2026-06-11 14:59:03 | INFO    | validation | ✓ Dates parsables OK
2026-06-11 14:59:03 | WARNING | validation | ⚠ 10,161 TRANSFER_ID dupliqués (dédoublonnage appliqué en aval)
2026-06-11 14:59:03 | INFO    | monitoring.drift | PSI TRANSACTION_AMOUNT = 0.0000 [stable]
2026-06-11 14:59:03 | INFO    | monitoring.drift | Verdict drift global : stable
2026-06-11 14:59:03 | INFO    | pipeline | Modèles à exécuter : ['m1_fraude', 'm2_mules', 'm4_commissions', 'm5_echec', 'm6_reconciliation']
2026-06-11 14:59:03 | INFO    | pipeline | Feature engineering (blocs A-D)...
2026-06-11 15:14:44 | INFO    | pipeline | Features OK : 49 colonnes f_*
2026-06-11 15:14:44 | INFO    | inference.M1_fraude | M1 chargé : 4 segments, 36 features
2026-06-11 15:18:38 | INFO    | inference.M1_fraude | Scoring terminé : 6202 alertes en 233.7s
2026-06-11 15:18:45 | INFO    | inference.M1_fraude | Exports : ['M1_fraude_alertes.csv', 'M1_fraude_scores.parquet', 'M1_fraude_stats.json']
2026-06-11 15:18:45 | INFO    | monitoring.metrics | [m1_fraude] n_alertes=6202 | pct_alertes=0.0244 | budget_jour=200 | segments={'moyen': 10209253, 'eleve': 7845186, 'technique': 4803242, 'faible': 2598786} | score_moyen_alertes=99.3 | duree_s=233.7 | n_entree=25456467
2026-06-11 15:18:45 | INFO    | inference.M2_mules | M2 chargé : scaler + params
2026-06-11 15:19:32 | INFO    | inference.M2_mules | Scoring terminé : 500 alertes en 47.4s
2026-06-11 15:19:33 | INFO    | inference.M2_mules | Exports : ['M2_mules_alertes.csv', 'M2_mules_scores.parquet', 'M2_mules_stats.json']
2026-06-11 15:19:33 | INFO    | monitoring.metrics | [m2_mules] n_alertes=500 | n_transit=968026 | n_clusters=22 | n_aretes=6750838 | duree_s=47.4 | n_entree=25456467
2026-06-11 15:19:33 | INFO    | inference.M4_commissions | M4 chargé : 13 services de référence
2026-06-11 15:19:56 | INFO    | inference.M4_commissions | Scoring terminé : 6 alertes en 23.8s
2026-06-11 15:19:57 | INFO    | inference.M4_commissions | Exports : ['M4_commissions_alertes.csv', 'M4_commissions_scores.parquet', 'M4_commissions_stats.json']
2026-06-11 15:19:57 | INFO    | monitoring.metrics | [m4_commissions] n_alertes=6 | n_jours_services=318 | services_inconnus=[] | duree_s=23.8 | n_entree=25456467
2026-06-11 15:19:57 | INFO    | inference.M5_echec | M5 chargé : LightGBM, 36 features (fuite contrôlée)
2026-06-11 15:20:41 | INFO    | inference.M5_echec | Scoring terminé : 1257029 alertes en 44.7s
2026-06-11 15:20:56 | INFO    | inference.M5_echec | Exports : ['M5_echec_alertes.csv', 'M5_echec_scores.parquet', 'M5_echec_stats.json']
2026-06-11 15:20:56 | INFO    | monitoring.metrics | [m5_echec] n_alertes=1257029 | pct_alertes=4.938 | proba_moyenne=0.1813 | seuil=0.8 | duree_s=44.7 | n_entree=25456467
2026-06-11 15:20:56 | INFO    | inference.M6_reconciliation | M6 chargé : préfixes complémentaires {'TC': 'CO', 'XX': 'RC'}
2026-06-11 15:22:15 | INFO    | inference.M6_reconciliation | Scoring terminé : 536 alertes en 78.2s
2026-06-11 15:22:15 | INFO    | inference.M6_reconciliation | Exports : ['M6_reconciliation_alertes.csv', 'M6_reconciliation_scores.parquet', 'M6_reconciliation_stats.json']
2026-06-11 15:22:15 | INFO    | monitoring.metrics | [m6_reconciliation] n_alertes=536 | n_a_reconcilier=102426 | n_auto_fiable=100156 | n_suggestion=1961 | n_manuel=309 | taux_auto_pct=97.8 | gain_heures=5008.0 | duree_s=78.2 | n_entree=25456467
2026-06-11 15:22:15 | INFO    | monitoring.metrics | Run 20260611_145856 finalisé (1399.0s)
2026-06-11 15:22:15 | INFO    | pipeline | ═══ RUN 20260611_145856 ✅ COMPLET → /home/koceila_salem_orange_com/ML/outputs/runs/20260611_145856 ═══
